Archive member included to satisfy reference by file (symbol)

c:/program files (x86)/atmel/studio/7.0/toolchain/avr8/avr8-gnu-toolchain/bin/../lib/gcc/avr/4.9.2/avr4\libgcc.a(_exit.o)
                              c:/program files (x86)/atmel/studio/7.0/toolchain/avr8/avr8-gnu-toolchain/bin/../lib/gcc/avr/4.9.2/../../../../avr/lib/avr4/crtatmega8a.o (exit)
c:/program files (x86)/atmel/studio/7.0/toolchain/avr8/avr8-gnu-toolchain/bin/../lib/gcc/avr/4.9.2/avr4\libgcc.a(_copy_data.o)
                              main.o (__do_copy_data)
c:/program files (x86)/atmel/studio/7.0/toolchain/avr8/avr8-gnu-toolchain/bin/../lib/gcc/avr/4.9.2/avr4\libgcc.a(_clear_bss.o)
                              main.o (__do_clear_bss)
c:/program files (x86)/atmel/studio/7.0/toolchain/avr8/avr8-gnu-toolchain/bin/../lib/gcc/avr/4.9.2/../../../../avr/lib/avr4\libc.a(strcat.o)
                              src/st_usart.o (strcat)
c:/program files (x86)/atmel/studio/7.0/toolchain/avr8/avr8-gnu-toolchain/bin/../lib/gcc/avr/4.9.2/../../../../avr/lib/avr4\libc.a(strstr.o)
                              main.o (strstr)
c:/program files (x86)/atmel/studio/7.0/toolchain/avr8/avr8-gnu-toolchain/bin/../lib/gcc/avr/4.9.2/../../../../avr/lib/avr4\libatmega8a.a(eerd_byte.o)
                              main.o (eeprom_read_byte)
c:/program files (x86)/atmel/studio/7.0/toolchain/avr8/avr8-gnu-toolchain/bin/../lib/gcc/avr/4.9.2/../../../../avr/lib/avr4\libatmega8a.a(eewr_byte.o)
                              main.o (eeprom_write_byte)

Allocating common symbols
Common symbol       size              file

info                0x96              main.o
number              0x14              main.o

Discarded input sections

 .data          0x00000000        0x0 c:/program files (x86)/atmel/studio/7.0/toolchain/avr8/avr8-gnu-toolchain/bin/../lib/gcc/avr/4.9.2/../../../../avr/lib/avr4/crtatmega8a.o
 .bss           0x00000000        0x0 c:/program files (x86)/atmel/studio/7.0/toolchain/avr8/avr8-gnu-toolchain/bin/../lib/gcc/avr/4.9.2/../../../../avr/lib/avr4/crtatmega8a.o
 .text          0x00000000        0x0 main.o
 .data          0x00000000        0x0 main.o
 .bss           0x00000000        0x0 main.o
 .text          0x00000000        0x0 src/st_alarmsys.o
 .data          0x00000000        0x0 src/st_alarmsys.o
 .bss           0x00000000        0x0 src/st_alarmsys.o
 .text          0x00000000        0x0 src/st_delay.o
 .data          0x00000000        0x0 src/st_delay.o
 .bss           0x00000000        0x0 src/st_delay.o
 .text          0x00000000        0x0 src/st_mrs.o
 .data          0x00000000        0x0 src/st_mrs.o
 .bss           0x00000000        0x0 src/st_mrs.o
 .text.ids_mrs_4
                0x00000000        0x8 src/st_mrs.o
 .text.ids_mrs_5
                0x00000000        0x8 src/st_mrs.o
 .text          0x00000000        0x0 src/st_pir.o
 .data          0x00000000        0x0 src/st_pir.o
 .bss           0x00000000        0x0 src/st_pir.o
 .text          0x00000000        0x0 src/st_port.o
 .data          0x00000000        0x0 src/st_port.o
 .bss           0x00000000        0x0 src/st_port.o
 .text          0x00000000        0x0 src/st_system.o
 .data          0x00000000        0x0 src/st_system.o
 .bss           0x00000000        0x0 src/st_system.o
 .text          0x00000000        0x0 src/st_usart.o
 .data          0x00000000        0x0 src/st_usart.o
 .bss           0x00000000        0x0 src/st_usart.o
 .bss.terminate
                0x00000000        0x2 src/st_usart.o
 .text          0x00000000        0x0 c:/program files (x86)/atmel/studio/7.0/toolchain/avr8/avr8-gnu-toolchain/bin/../lib/gcc/avr/4.9.2/avr4\libgcc.a(_exit.o)
 .data          0x00000000        0x0 c:/program files (x86)/atmel/studio/7.0/toolchain/avr8/avr8-gnu-toolchain/bin/../lib/gcc/avr/4.9.2/avr4\libgcc.a(_exit.o)
 .bss           0x00000000        0x0 c:/program files (x86)/atmel/studio/7.0/toolchain/avr8/avr8-gnu-toolchain/bin/../lib/gcc/avr/4.9.2/avr4\libgcc.a(_exit.o)
 .text.libgcc.mul
                0x00000000        0x0 c:/program files (x86)/atmel/studio/7.0/toolchain/avr8/avr8-gnu-toolchain/bin/../lib/gcc/avr/4.9.2/avr4\libgcc.a(_exit.o)
 .text.libgcc.div
                0x00000000        0x0 c:/program files (x86)/atmel/studio/7.0/toolchain/avr8/avr8-gnu-toolchain/bin/../lib/gcc/avr/4.9.2/avr4\libgcc.a(_exit.o)
 .text.libgcc   0x00000000        0x0 c:/program files (x86)/atmel/studio/7.0/toolchain/avr8/avr8-gnu-toolchain/bin/../lib/gcc/avr/4.9.2/avr4\libgcc.a(_exit.o)
 .text.libgcc.prologue
                0x00000000        0x0 c:/program files (x86)/atmel/studio/7.0/toolchain/avr8/avr8-gnu-toolchain/bin/../lib/gcc/avr/4.9.2/avr4\libgcc.a(_exit.o)
 .text.libgcc.builtins
                0x00000000        0x0 c:/program files (x86)/atmel/studio/7.0/toolchain/avr8/avr8-gnu-toolchain/bin/../lib/gcc/avr/4.9.2/avr4\libgcc.a(_exit.o)
 .text.libgcc.fmul
                0x00000000        0x0 c:/program files (x86)/atmel/studio/7.0/toolchain/avr8/avr8-gnu-toolchain/bin/../lib/gcc/avr/4.9.2/avr4\libgcc.a(_exit.o)
 .text.libgcc.fixed
                0x00000000        0x0 c:/program files (x86)/atmel/studio/7.0/toolchain/avr8/avr8-gnu-toolchain/bin/../lib/gcc/avr/4.9.2/avr4\libgcc.a(_exit.o)
 .text          0x00000000        0x0 c:/program files (x86)/atmel/studio/7.0/toolchain/avr8/avr8-gnu-toolchain/bin/../lib/gcc/avr/4.9.2/avr4\libgcc.a(_copy_data.o)
 .data          0x00000000        0x0 c:/program files (x86)/atmel/studio/7.0/toolchain/avr8/avr8-gnu-toolchain/bin/../lib/gcc/avr/4.9.2/avr4\libgcc.a(_copy_data.o)
 .bss           0x00000000        0x0 c:/program files (x86)/atmel/studio/7.0/toolchain/avr8/avr8-gnu-toolchain/bin/../lib/gcc/avr/4.9.2/avr4\libgcc.a(_copy_data.o)
 .text.libgcc.mul
                0x00000000        0x0 c:/program files (x86)/atmel/studio/7.0/toolchain/avr8/avr8-gnu-toolchain/bin/../lib/gcc/avr/4.9.2/avr4\libgcc.a(_copy_data.o)
 .text.libgcc.div
                0x00000000        0x0 c:/program files (x86)/atmel/studio/7.0/toolchain/avr8/avr8-gnu-toolchain/bin/../lib/gcc/avr/4.9.2/avr4\libgcc.a(_copy_data.o)
 .text.libgcc   0x00000000        0x0 c:/program files (x86)/atmel/studio/7.0/toolchain/avr8/avr8-gnu-toolchain/bin/../lib/gcc/avr/4.9.2/avr4\libgcc.a(_copy_data.o)
 .text.libgcc.prologue
                0x00000000        0x0 c:/program files (x86)/atmel/studio/7.0/toolchain/avr8/avr8-gnu-toolchain/bin/../lib/gcc/avr/4.9.2/avr4\libgcc.a(_copy_data.o)
 .text.libgcc.builtins
                0x00000000        0x0 c:/program files (x86)/atmel/studio/7.0/toolchain/avr8/avr8-gnu-toolchain/bin/../lib/gcc/avr/4.9.2/avr4\libgcc.a(_copy_data.o)
 .text.libgcc.fmul
                0x00000000        0x0 c:/program files (x86)/atmel/studio/7.0/toolchain/avr8/avr8-gnu-toolchain/bin/../lib/gcc/avr/4.9.2/avr4\libgcc.a(_copy_data.o)
 .text.libgcc.fixed
                0x00000000        0x0 c:/program files (x86)/atmel/studio/7.0/toolchain/avr8/avr8-gnu-toolchain/bin/../lib/gcc/avr/4.9.2/avr4\libgcc.a(_copy_data.o)
 .text          0x00000000        0x0 c:/program files (x86)/atmel/studio/7.0/toolchain/avr8/avr8-gnu-toolchain/bin/../lib/gcc/avr/4.9.2/avr4\libgcc.a(_clear_bss.o)
 .data          0x00000000        0x0 c:/program files (x86)/atmel/studio/7.0/toolchain/avr8/avr8-gnu-toolchain/bin/../lib/gcc/avr/4.9.2/avr4\libgcc.a(_clear_bss.o)
 .bss           0x00000000        0x0 c:/program files (x86)/atmel/studio/7.0/toolchain/avr8/avr8-gnu-toolchain/bin/../lib/gcc/avr/4.9.2/avr4\libgcc.a(_clear_bss.o)
 .text.libgcc.mul
                0x00000000        0x0 c:/program files (x86)/atmel/studio/7.0/toolchain/avr8/avr8-gnu-toolchain/bin/../lib/gcc/avr/4.9.2/avr4\libgcc.a(_clear_bss.o)
 .text.libgcc.div
                0x00000000        0x0 c:/program files (x86)/atmel/studio/7.0/toolchain/avr8/avr8-gnu-toolchain/bin/../lib/gcc/avr/4.9.2/avr4\libgcc.a(_clear_bss.o)
 .text.libgcc   0x00000000        0x0 c:/program files (x86)/atmel/studio/7.0/toolchain/avr8/avr8-gnu-toolchain/bin/../lib/gcc/avr/4.9.2/avr4\libgcc.a(_clear_bss.o)
 .text.libgcc.prologue
                0x00000000        0x0 c:/program files (x86)/atmel/studio/7.0/toolchain/avr8/avr8-gnu-toolchain/bin/../lib/gcc/avr/4.9.2/avr4\libgcc.a(_clear_bss.o)
 .text.libgcc.builtins
                0x00000000        0x0 c:/program files (x86)/atmel/studio/7.0/toolchain/avr8/avr8-gnu-toolchain/bin/../lib/gcc/avr/4.9.2/avr4\libgcc.a(_clear_bss.o)
 .text.libgcc.fmul
                0x00000000        0x0 c:/program files (x86)/atmel/studio/7.0/toolchain/avr8/avr8-gnu-toolchain/bin/../lib/gcc/avr/4.9.2/avr4\libgcc.a(_clear_bss.o)
 .text.libgcc.fixed
                0x00000000        0x0 c:/program files (x86)/atmel/studio/7.0/toolchain/avr8/avr8-gnu-toolchain/bin/../lib/gcc/avr/4.9.2/avr4\libgcc.a(_clear_bss.o)
 .text          0x00000000        0x0 c:/program files (x86)/atmel/studio/7.0/toolchain/avr8/avr8-gnu-toolchain/bin/../lib/gcc/avr/4.9.2/../../../../avr/lib/avr4\libc.a(strcat.o)
 .data          0x00000000        0x0 c:/program files (x86)/atmel/studio/7.0/toolchain/avr8/avr8-gnu-toolchain/bin/../lib/gcc/avr/4.9.2/../../../../avr/lib/avr4\libc.a(strcat.o)
 .bss           0x00000000        0x0 c:/program files (x86)/atmel/studio/7.0/toolchain/avr8/avr8-gnu-toolchain/bin/../lib/gcc/avr/4.9.2/../../../../avr/lib/avr4\libc.a(strcat.o)
 .text          0x00000000        0x0 c:/program files (x86)/atmel/studio/7.0/toolchain/avr8/avr8-gnu-toolchain/bin/../lib/gcc/avr/4.9.2/../../../../avr/lib/avr4\libc.a(strstr.o)
 .data          0x00000000        0x0 c:/program files (x86)/atmel/studio/7.0/toolchain/avr8/avr8-gnu-toolchain/bin/../lib/gcc/avr/4.9.2/../../../../avr/lib/avr4\libc.a(strstr.o)
 .bss           0x00000000        0x0 c:/program files (x86)/atmel/studio/7.0/toolchain/avr8/avr8-gnu-toolchain/bin/../lib/gcc/avr/4.9.2/../../../../avr/lib/avr4\libc.a(strstr.o)
 .text          0x00000000        0x0 c:/program files (x86)/atmel/studio/7.0/toolchain/avr8/avr8-gnu-toolchain/bin/../lib/gcc/avr/4.9.2/../../../../avr/lib/avr4\libatmega8a.a(eerd_byte.o)
 .data          0x00000000        0x0 c:/program files (x86)/atmel/studio/7.0/toolchain/avr8/avr8-gnu-toolchain/bin/../lib/gcc/avr/4.9.2/../../../../avr/lib/avr4\libatmega8a.a(eerd_byte.o)
 .bss           0x00000000        0x0 c:/program files (x86)/atmel/studio/7.0/toolchain/avr8/avr8-gnu-toolchain/bin/../lib/gcc/avr/4.9.2/../../../../avr/lib/avr4\libatmega8a.a(eerd_byte.o)
 .text          0x00000000        0x0 c:/program files (x86)/atmel/studio/7.0/toolchain/avr8/avr8-gnu-toolchain/bin/../lib/gcc/avr/4.9.2/../../../../avr/lib/avr4\libatmega8a.a(eewr_byte.o)
 .data          0x00000000        0x0 c:/program files (x86)/atmel/studio/7.0/toolchain/avr8/avr8-gnu-toolchain/bin/../lib/gcc/avr/4.9.2/../../../../avr/lib/avr4\libatmega8a.a(eewr_byte.o)
 .bss           0x00000000        0x0 c:/program files (x86)/atmel/studio/7.0/toolchain/avr8/avr8-gnu-toolchain/bin/../lib/gcc/avr/4.9.2/../../../../avr/lib/avr4\libatmega8a.a(eewr_byte.o)

Memory Configuration

Name             Origin             Length             Attributes
text             0x00000000         0x00002000         xr
data             0x00800060         0x0000ffa0         rw !x
eeprom           0x00810000         0x00010000         rw !x
fuse             0x00820000         0x00000002         rw !x
lock             0x00830000         0x00000400         rw !x
signature        0x00840000         0x00000400         rw !x
user_signatures  0x00850000         0x00000400         rw !x
*default*        0x00000000         0xffffffff

Linker script and memory map

LOAD c:/program files (x86)/atmel/studio/7.0/toolchain/avr8/avr8-gnu-toolchain/bin/../lib/gcc/avr/4.9.2/../../../../avr/lib/avr4/crtatmega8a.o
LOAD main.o
LOAD src/st_alarmsys.o
LOAD src/st_delay.o
LOAD src/st_mrs.o
LOAD src/st_pir.o
LOAD src/st_port.o
LOAD src/st_system.o
LOAD src/st_usart.o
START GROUP
LOAD c:/program files (x86)/atmel/studio/7.0/toolchain/avr8/avr8-gnu-toolchain/bin/../lib/gcc/avr/4.9.2/../../../../avr/lib/avr4\libm.a
END GROUP
START GROUP
LOAD c:/program files (x86)/atmel/studio/7.0/toolchain/avr8/avr8-gnu-toolchain/bin/../lib/gcc/avr/4.9.2/avr4\libgcc.a
LOAD c:/program files (x86)/atmel/studio/7.0/toolchain/avr8/avr8-gnu-toolchain/bin/../lib/gcc/avr/4.9.2/../../../../avr/lib/avr4\libm.a
LOAD c:/program files (x86)/atmel/studio/7.0/toolchain/avr8/avr8-gnu-toolchain/bin/../lib/gcc/avr/4.9.2/../../../../avr/lib/avr4\libc.a
LOAD c:/program files (x86)/atmel/studio/7.0/toolchain/avr8/avr8-gnu-toolchain/bin/../lib/gcc/avr/4.9.2/../../../../avr/lib/avr4\libatmega8a.a
END GROUP
                0x00002000                __TEXT_REGION_LENGTH__ = DEFINED (__TEXT_REGION_LENGTH__)?__TEXT_REGION_LENGTH__:0x2000
                0x0000ffa0                __DATA_REGION_LENGTH__ = DEFINED (__DATA_REGION_LENGTH__)?__DATA_REGION_LENGTH__:0xffa0
                0x00010000                __EEPROM_REGION_LENGTH__ = DEFINED (__EEPROM_REGION_LENGTH__)?__EEPROM_REGION_LENGTH__:0x10000
                [0x00000002]                __FUSE_REGION_LENGTH__ = DEFINED (__FUSE_REGION_LENGTH__)?__FUSE_REGION_LENGTH__:0x400
                0x00000400                __LOCK_REGION_LENGTH__ = DEFINED (__LOCK_REGION_LENGTH__)?__LOCK_REGION_LENGTH__:0x400
                0x00000400                __SIGNATURE_REGION_LENGTH__ = DEFINED (__SIGNATURE_REGION_LENGTH__)?__SIGNATURE_REGION_LENGTH__:0x400
                0x00000400                __USER_SIGNATURE_REGION_LENGTH__ = DEFINED (__USER_SIGNATURE_REGION_LENGTH__)?__USER_SIGNATURE_REGION_LENGTH__:0x400

.hash
 *(.hash)

.dynsym
 *(.dynsym)

.dynstr
 *(.dynstr)

.gnu.version
 *(.gnu.version)

.gnu.version_d
 *(.gnu.version_d)

.gnu.version_r
 *(.gnu.version_r)

.rel.init
 *(.rel.init)

.rela.init
 *(.rela.init)

.rel.text
 *(.rel.text)
 *(.rel.text.*)
 *(.rel.gnu.linkonce.t*)

.rela.text
 *(.rela.text)
 *(.rela.text.*)
 *(.rela.gnu.linkonce.t*)

.rel.fini
 *(.rel.fini)

.rela.fini
 *(.rela.fini)

.rel.rodata
 *(.rel.rodata)
 *(.rel.rodata.*)
 *(.rel.gnu.linkonce.r*)

.rela.rodata
 *(.rela.rodata)
 *(.rela.rodata.*)
 *(.rela.gnu.linkonce.r*)

.rel.data
 *(.rel.data)
 *(.rel.data.*)
 *(.rel.gnu.linkonce.d*)

.rela.data
 *(.rela.data)
 *(.rela.data.*)
 *(.rela.gnu.linkonce.d*)

.rel.ctors
 *(.rel.ctors)

.rela.ctors
 *(.rela.ctors)

.rel.dtors
 *(.rel.dtors)

.rela.dtors
 *(.rela.dtors)

.rel.got
 *(.rel.got)

.rela.got
 *(.rela.got)

.rel.bss
 *(.rel.bss)

.rela.bss
 *(.rela.bss)

.rel.plt
 *(.rel.plt)

.rela.plt
 *(.rela.plt)

.text           0x00000000      0x7c6
 *(.vectors)
 .vectors       0x00000000       0x26 c:/program files (x86)/atmel/studio/7.0/toolchain/avr8/avr8-gnu-toolchain/bin/../lib/gcc/avr/4.9.2/../../../../avr/lib/avr4/crtatmega8a.o
                0x00000000                __vector_default
                0x00000000                __vectors
 *(.vectors)
 *(.progmem.gcc*)
                0x00000026                . = ALIGN (0x2)
                0x00000026                __trampolines_start = .
 *(.trampolines)
 .trampolines   0x00000026        0x0 linker stubs
 *(.trampolines*)
                0x00000026                __trampolines_end = .
 *libprintf_flt.a:*(.progmem.data)
 *libc.a:*(.progmem.data)
 *(.progmem*)
                0x00000026                . = ALIGN (0x2)
 *(.jumptables)
 *(.jumptables*)
 *(.lowtext)
 *(.lowtext*)
                0x00000026                __ctors_start = .
 *(.ctors)
                0x00000026                __ctors_end = .
                0x00000026                __dtors_start = .
 *(.dtors)
                0x00000026                __dtors_end = .
 SORT(*)(.ctors)
 SORT(*)(.dtors)
 *(.init0)
 .init0         0x00000026        0x0 c:/program files (x86)/atmel/studio/7.0/toolchain/avr8/avr8-gnu-toolchain/bin/../lib/gcc/avr/4.9.2/../../../../avr/lib/avr4/crtatmega8a.o
                0x00000026                __init
 *(.init0)
 *(.init1)
 *(.init1)
 *(.init2)
 .init2         0x00000026        0xc c:/program files (x86)/atmel/studio/7.0/toolchain/avr8/avr8-gnu-toolchain/bin/../lib/gcc/avr/4.9.2/../../../../avr/lib/avr4/crtatmega8a.o
 *(.init2)
 *(.init3)
 *(.init3)
 *(.init4)
 .init4         0x00000032       0x16 c:/program files (x86)/atmel/studio/7.0/toolchain/avr8/avr8-gnu-toolchain/bin/../lib/gcc/avr/4.9.2/avr4\libgcc.a(_copy_data.o)
                0x00000032                __do_copy_data
 .init4         0x00000048       0x10 c:/program files (x86)/atmel/studio/7.0/toolchain/avr8/avr8-gnu-toolchain/bin/../lib/gcc/avr/4.9.2/avr4\libgcc.a(_clear_bss.o)
                0x00000048                __do_clear_bss
 *(.init4)
 *(.init5)
 *(.init5)
 *(.init6)
 *(.init6)
 *(.init7)
 *(.init7)
 *(.init8)
 *(.init8)
 *(.init9)
 .init9         0x00000058        0x4 c:/program files (x86)/atmel/studio/7.0/toolchain/avr8/avr8-gnu-toolchain/bin/../lib/gcc/avr/4.9.2/../../../../avr/lib/avr4/crtatmega8a.o
 *(.init9)
 *(.text)
 .text          0x0000005c        0x2 c:/program files (x86)/atmel/studio/7.0/toolchain/avr8/avr8-gnu-toolchain/bin/../lib/gcc/avr/4.9.2/../../../../avr/lib/avr4/crtatmega8a.o
                0x0000005c                __vector_12
                0x0000005c                __bad_interrupt
                0x0000005c                __vector_6
                0x0000005c                __vector_3
                0x0000005c                __vector_13
                0x0000005c                __vector_17
                0x0000005c                __vector_7
                0x0000005c                __vector_5
                0x0000005c                __vector_4
                0x0000005c                __vector_9
                0x0000005c                __vector_15
                0x0000005c                __vector_8
                0x0000005c                __vector_14
                0x0000005c                __vector_10
                0x0000005c                __vector_16
                0x0000005c                __vector_18
                0x0000005e                . = ALIGN (0x2)
 *(.text.*)
 .text.__vector_11
                0x0000005e       0x5e main.o
                0x0000005e                __vector_11
 .text.ids_system_arm
                0x000000bc       0x2a main.o
                0x000000bc                ids_system_arm
 .text.__vector_2
                0x000000e6       0x46 main.o
                0x000000e6                __vector_2
 .text.ids_system_disarm
                0x0000012c       0x36 main.o
                0x0000012c                ids_system_disarm
 .text.__vector_1
                0x00000162       0x46 main.o
                0x00000162                __vector_1
 .text.ids_cln_ubf
                0x000001a8       0x3e main.o
                0x000001a8                ids_cln_ubf
 .text.ids_check_sms
                0x000001e6       0x80 main.o
                0x000001e6                ids_check_sms
 .text.ids_alert_system
                0x00000266       0xbc main.o
                0x00000266                ids_alert_system
 .text.ids_read_sensors
                0x00000322       0x98 main.o
                0x00000322                ids_read_sensors
 .text.ids_retrv_owner_num
                0x000003ba       0xce main.o
                0x000003ba                ids_retrv_owner_num
 .text.ids_init
                0x00000488       0x34 main.o
                0x00000488                ids_init
 .text.main     0x000004bc        0x8 main.o
                0x000004bc                main
 .text.ids_siren_enable
                0x000004c4        0x4 src/st_alarmsys.o
                0x000004c4                ids_siren_enable
 .text.ids_siren_disable
                0x000004c8        0x4 src/st_alarmsys.o
                0x000004c8                ids_siren_disable
 .text.ids_delayms
                0x000004cc       0x26 src/st_delay.o
                0x000004cc                ids_delayms
 .text.ids_mrs_read
                0x000004f2       0x1c src/st_mrs.o
                0x000004f2                ids_mrs_read
 .text.ids_read_pir
                0x0000050e       0x12 src/st_pir.o
                0x0000050e                ids_read_pir
 .text.ids_port_init
                0x00000520       0x18 src/st_port.o
                0x00000520                ids_port_init
 .text.ids_extint_init
                0x00000538        0xe src/st_port.o
                0x00000538                ids_extint_init
 .text.ids_panic_btn_status
                0x00000546        0xe src/st_port.o
                0x00000546                ids_panic_btn_status
 .text.ids_set_sys_led
                0x00000554       0x12 src/st_system.o
                0x00000554                ids_set_sys_led
 .text.ids_beep
                0x00000566        0xc src/st_system.o
                0x00000566                ids_beep
 .text.ids_usart_init
                0x00000572       0x14 src/st_usart.o
                0x00000572                ids_usart_init
 .text.ids_attention
                0x00000586       0x26 src/st_usart.o
                0x00000586                ids_attention
 .text.ids_call_owner
                0x000005ac       0x54 src/st_usart.o
                0x000005ac                ids_call_owner
 .text.ids_disconn_call
                0x00000600       0x28 src/st_usart.o
                0x00000600                ids_disconn_call
 .text.ids_sel_sms_mode
                0x00000628       0x2e src/st_usart.o
                0x00000628                ids_sel_sms_mode
 .text.ids_send_sms
                0x00000656       0x9c src/st_usart.o
                0x00000656                ids_send_sms
 .text.ids_mem_type
                0x000006f2       0x2e src/st_usart.o
                0x000006f2                ids_mem_type
 .text.ids_extract_cnum
                0x00000720       0x2e src/st_usart.o
                0x00000720                ids_extract_cnum
 .text.avr-libc
                0x0000074e       0x16 c:/program files (x86)/atmel/studio/7.0/toolchain/avr8/avr8-gnu-toolchain/bin/../lib/gcc/avr/4.9.2/../../../../avr/lib/avr4\libc.a(strcat.o)
                0x0000074e                strcat
 .text.avr-libc
                0x00000764       0x34 c:/program files (x86)/atmel/studio/7.0/toolchain/avr8/avr8-gnu-toolchain/bin/../lib/gcc/avr/4.9.2/../../../../avr/lib/avr4\libc.a(strstr.o)
                0x00000764                strstr
 .text.avr-libc
                0x00000798       0x10 c:/program files (x86)/atmel/studio/7.0/toolchain/avr8/avr8-gnu-toolchain/bin/../lib/gcc/avr/4.9.2/../../../../avr/lib/avr4\libatmega8a.a(eerd_byte.o)
                0x00000798                eeprom_read_byte
 .text.avr-libc
                0x000007a8       0x1a c:/program files (x86)/atmel/studio/7.0/toolchain/avr8/avr8-gnu-toolchain/bin/../lib/gcc/avr/4.9.2/../../../../avr/lib/avr4\libatmega8a.a(eewr_byte.o)
                0x000007a8                eeprom_write_byte
                0x000007aa                eeprom_write_r18
                0x000007c2                . = ALIGN (0x2)
 *(.fini9)
 .fini9         0x000007c2        0x0 c:/program files (x86)/atmel/studio/7.0/toolchain/avr8/avr8-gnu-toolchain/bin/../lib/gcc/avr/4.9.2/avr4\libgcc.a(_exit.o)
                0x000007c2                _exit
                0x000007c2                exit
 *(.fini9)
 *(.fini8)
 *(.fini8)
 *(.fini7)
 *(.fini7)
 *(.fini6)
 *(.fini6)
 *(.fini5)
 *(.fini5)
 *(.fini4)
 *(.fini4)
 *(.fini3)
 *(.fini3)
 *(.fini2)
 *(.fini2)
 *(.fini1)
 *(.fini1)
 *(.fini0)
 .fini0         0x000007c2        0x4 c:/program files (x86)/atmel/studio/7.0/toolchain/avr8/avr8-gnu-toolchain/bin/../lib/gcc/avr/4.9.2/avr4\libgcc.a(_exit.o)
 *(.fini0)
                0x000007c6                _etext = .

.data           0x00800060      0x1e0 load address 0x000007c6
                0x00800060                PROVIDE (__data_start, .)
 *(.data)
 *(.data*)
 .data.sms3     0x00800060       0x5b main.o
                0x00800060                sms3
 .data.sms2     0x008000bb       0x51 main.o
                0x008000bb                sms2
 .data.sms1     0x0080010c       0x50 main.o
                0x0080010c                sms1
 .data.off_sms  0x0080015c       0x24 main.o
                0x0080015c                off_sms
 .data.on_sms   0x00800180       0x23 main.o
                0x00800180                on_sms
 .data.cmd5     0x008001a3       0x1e src/st_usart.o
                0x008001a3                cmd5
 .data.cmd4     0x008001c1        0xa src/st_usart.o
                0x008001c1                cmd4
 .data.cmd3     0x008001cb       0x19 src/st_usart.o
                0x008001cb                cmd3
 .data.cmdSM    0x008001e4        0xf src/st_usart.o
                0x008001e4                cmdSM
 .data.cmd2     0x008001f3        0xa src/st_usart.o
                0x008001f3                cmd2
 .data.cmd1     0x008001fd       0x14 src/st_usart.o
                0x008001fd                cmd1
 .data.cmd0     0x00800211       0x14 src/st_usart.o
                0x00800211                cmd0
 .data.cmd      0x00800225        0x4 src/st_usart.o
                0x00800225                cmd
 *(.rodata)
 *(.rodata*)
 .rodata.str1.1
                0x00800229        0xd main.o
 .rodata.str1.1
                0x00800236        0xa src/st_usart.o
 *(.gnu.linkonce.d*)
                0x00800240                . = ALIGN (0x2)
                0x00800240                _edata = .
                0x00800240                PROVIDE (__data_end, .)

.bss            0x00800240       0xb8
                0x00800240                PROVIDE (__bss_start, .)
 *(.bss)
 *(.bss*)
 .bss.active_flag
                0x00800240        0x2 main.o
                0x00800240                active_flag
 .bss.status    0x00800242        0x2 main.o
                0x00800242                status
 .bss.x         0x00800244        0x2 main.o
                0x00800244                x
 .bss.j         0x00800246        0x2 main.o
                0x00800246                j
 .bss.s         0x00800248        0x2 main.o
                0x00800248                s
 .bss.i         0x0080024a        0x2 main.o
                0x0080024a                i
 .bss.st        0x0080024c        0x2 main.o
                0x0080024c                st
 *(COMMON)
 COMMON         0x0080024e       0xaa main.o
                0x0080024e                info
                0x008002e4                number
                0x008002f8                PROVIDE (__bss_end, .)
                0x000007c6                __data_load_start = LOADADDR (.data)
                0x000009a6                __data_load_end = (__data_load_start + SIZEOF (.data))

.noinit         0x008002f8        0x0
                [!provide]                PROVIDE (__noinit_start, .)
 *(.noinit*)
                [!provide]                PROVIDE (__noinit_end, .)
                0x008002f8                _end = .
                [!provide]                PROVIDE (__heap_start, .)

.eeprom         0x00810000        0x0
 *(.eeprom*)
                0x00810000                __eeprom_end = .

.fuse
 *(.fuse)
 *(.lfuse)
 *(.hfuse)
 *(.efuse)

.lock
 *(.lock*)

.signature
 *(.signature*)

.user_signatures
 *(.user_signatures*)

.stab
 *(.stab)

.stabstr
 *(.stabstr)

.stab.excl
 *(.stab.excl)

.stab.exclstr
 *(.stab.exclstr)

.stab.index
 *(.stab.index)

.stab.indexstr
 *(.stab.indexstr)

.comment        0x00000000       0x30
 *(.comment)
 .comment       0x00000000       0x30 main.o
                                 0x31 (size before relaxing)
 .comment       0x00000030       0x31 src/st_alarmsys.o
 .comment       0x00000030       0x31 src/st_delay.o
 .comment       0x00000030       0x31 src/st_mrs.o
 .comment       0x00000030       0x31 src/st_pir.o
 .comment       0x00000030       0x31 src/st_port.o
 .comment       0x00000030       0x31 src/st_system.o
 .comment       0x00000030       0x31 src/st_usart.o

.note.gnu.avr.deviceinfo
                0x00000000       0x3c
 .note.gnu.avr.deviceinfo
                0x00000000       0x3c c:/program files (x86)/atmel/studio/7.0/toolchain/avr8/avr8-gnu-toolchain/bin/../lib/gcc/avr/4.9.2/../../../../avr/lib/avr4/crtatmega8a.o

.note.gnu.build-id
 *(.note.gnu.build-id)

.debug
 *(.debug)

.line
 *(.line)

.debug_srcinfo
 *(.debug_srcinfo)

.debug_sfnames
 *(.debug_sfnames)

.debug_aranges  0x00000000      0x1c0
 *(.debug_aranges)
 .debug_aranges
                0x00000000       0x78 main.o
 .debug_aranges
                0x00000078       0x28 src/st_alarmsys.o
 .debug_aranges
                0x000000a0       0x20 src/st_delay.o
 .debug_aranges
                0x000000c0       0x30 src/st_mrs.o
 .debug_aranges
                0x000000f0       0x20 src/st_pir.o
 .debug_aranges
                0x00000110       0x30 src/st_port.o
 .debug_aranges
                0x00000140       0x28 src/st_system.o
 .debug_aranges
                0x00000168       0x58 src/st_usart.o

.debug_pubnames
 *(.debug_pubnames)

.debug_info     0x00000000     0x19d9
 *(.debug_info .gnu.linkonce.wi.*)
 .debug_info    0x00000000      0x48c c:/program files (x86)/atmel/studio/7.0/toolchain/avr8/avr8-gnu-toolchain/bin/../lib/gcc/avr/4.9.2/../../../../avr/lib/avr4/crtatmega8a.o
 .debug_info    0x0000048c      0xaf0 main.o
 .debug_info    0x00000f7c       0x99 src/st_alarmsys.o
 .debug_info    0x00001015      0x116 src/st_delay.o
 .debug_info    0x0000112b       0xfc src/st_mrs.o
 .debug_info    0x00001227       0x87 src/st_pir.o
 .debug_info    0x000012ae       0xb3 src/st_port.o
 .debug_info    0x00001361       0xd9 src/st_system.o
 .debug_info    0x0000143a      0x59f src/st_usart.o

.debug_abbrev   0x00000000      0xb71
 *(.debug_abbrev)
 .debug_abbrev  0x00000000      0x44e c:/program files (x86)/atmel/studio/7.0/toolchain/avr8/avr8-gnu-toolchain/bin/../lib/gcc/avr/4.9.2/../../../../avr/lib/avr4/crtatmega8a.o
 .debug_abbrev  0x0000044e      0x271 main.o
 .debug_abbrev  0x000006bf       0x51 src/st_alarmsys.o
 .debug_abbrev  0x00000710       0xd5 src/st_delay.o
 .debug_abbrev  0x000007e5       0x92 src/st_mrs.o
 .debug_abbrev  0x00000877       0x53 src/st_pir.o
 .debug_abbrev  0x000008ca       0x6b src/st_port.o
 .debug_abbrev  0x00000935       0x91 src/st_system.o
 .debug_abbrev  0x000009c6      0x1ab src/st_usart.o

.debug_line     0x00000000      0xf5a
 *(.debug_line .debug_line.* .debug_line_end)
 .debug_line    0x00000000       0x1a c:/program files (x86)/atmel/studio/7.0/toolchain/avr8/avr8-gnu-toolchain/bin/../lib/gcc/avr/4.9.2/../../../../avr/lib/avr4/crtatmega8a.o
 .debug_line    0x0000001a      0x61b main.o
 .debug_line    0x00000635       0xc0 src/st_alarmsys.o
 .debug_line    0x000006f5      0x11f src/st_delay.o
 .debug_line    0x00000814       0xfb src/st_mrs.o
 .debug_line    0x0000090f       0xab src/st_pir.o
 .debug_line    0x000009ba       0xfd src/st_port.o
 .debug_line    0x00000ab7       0xf1 src/st_system.o
 .debug_line    0x00000ba8      0x3b2 src/st_usart.o

.debug_frame    0x00000000      0x3b4
 *(.debug_frame)
 .debug_frame   0x00000000      0x198 main.o
 .debug_frame   0x00000198       0x34 src/st_alarmsys.o
 .debug_frame   0x000001cc       0x24 src/st_delay.o
 .debug_frame   0x000001f0       0x44 src/st_mrs.o
 .debug_frame   0x00000234       0x24 src/st_pir.o
 .debug_frame   0x00000258       0x44 src/st_port.o
 .debug_frame   0x0000029c       0x34 src/st_system.o
 .debug_frame   0x000002d0       0xe4 src/st_usart.o

.debug_str      0x00000000      0x5f8
 *(.debug_str)
 .debug_str     0x00000000      0x17a c:/program files (x86)/atmel/studio/7.0/toolchain/avr8/avr8-gnu-toolchain/bin/../lib/gcc/avr/4.9.2/../../../../avr/lib/avr4/crtatmega8a.o
 .debug_str     0x0000017a      0x39c main.o
                                0x3e2 (size before relaxing)
 .debug_str     0x00000516       0x15 src/st_alarmsys.o
                                0x194 (size before relaxing)
 .debug_str     0x0000052b       0x12 src/st_delay.o
                                0x1bd (size before relaxing)
 .debug_str     0x0000053d       0x2e src/st_mrs.o
                                0x197 (size before relaxing)
 .debug_str     0x0000056b       0x10 src/st_pir.o
                                0x179 (size before relaxing)
 .debug_str     0x0000057b       0x11 src/st_port.o
                                0x1a0 (size before relaxing)
 .debug_str     0x0000058c       0x18 src/st_system.o
                                0x199 (size before relaxing)
 .debug_str     0x000005a4       0x54 src/st_usart.o
                                0x295 (size before relaxing)

.debug_loc      0x00000000      0x8b2
 *(.debug_loc)
 .debug_loc     0x00000000      0x35c main.o
 .debug_loc     0x0000035c       0x6c src/st_delay.o
 .debug_loc     0x000003c8      0x4ea src/st_usart.o

.debug_macinfo
 *(.debug_macinfo)

.debug_weaknames
 *(.debug_weaknames)

.debug_funcnames
 *(.debug_funcnames)

.debug_typenames
 *(.debug_typenames)

.debug_varnames
 *(.debug_varnames)

.debug_pubtypes
 *(.debug_pubtypes)

.debug_ranges   0x00000000      0x140
 *(.debug_ranges)
 .debug_ranges  0x00000000       0x68 main.o
 .debug_ranges  0x00000068       0x18 src/st_alarmsys.o
 .debug_ranges  0x00000080       0x10 src/st_delay.o
 .debug_ranges  0x00000090       0x20 src/st_mrs.o
 .debug_ranges  0x000000b0       0x10 src/st_pir.o
 .debug_ranges  0x000000c0       0x20 src/st_port.o
 .debug_ranges  0x000000e0       0x18 src/st_system.o
 .debug_ranges  0x000000f8       0x48 src/st_usart.o

.debug_macro
 *(.debug_macro)
OUTPUT(st_ids.elf elf32-avr)
LOAD linker stubs
